      ID> AATGTTATAATTAATTG
     SET> AATGTTATAATTAATTG
SEQCOUNT> 2
    SEQ1> AGAGCTCTGGAGAAGCGCTGCTCAGTTAGGACCCAGAGGGAACCATGGAAACCCCTGCGCAGCTCCTCTTCCTCATGCTACTCTGGCTCCCAGATATTACCGGCGAAGTTGTGTTGACGCAGTCTCCACGCACGCTTACTTTGTATCCAGGGGAGAGAGCCACCCTCTCCTGTAGGGCCAGTCAGACTGTTAACAGCAACTATTTAGCCTGGTACCACAAGAGGCCTGGCCAGGCTCCCAGACTCCTCTT
    SEQ2> AGAGCTCTGGAGAAGAGCTGCTCAGTTAGGACCCAGAGGGAACCATGGAAACCCTAGCGCAGCTTCTCTTCCTCATGCTACTCTGGCTCCCAGATATTACCGGATAAGTCGTGTTGCCGCAGTCTCCAAGCTCACTTTCTTTGTATCCAGGGGAGAGAGCCACCCTCCCCTGCAGGGCCAGACCGCATCTTAACAGCAACAATTTAGCCTGGTACCAACAGCGCCCTGGCCCGGCCCCCAGACTCCTCAC

      ID> TTTGCTACTATATTCAA
     SET> TTTGCTACTATATTCAA
SEQCOUNT> 1
    SEQ1> GGACCGATCAGGACTCTCTAGTTCACCTTCTCACAATGAGGCCCCCTGCTCAGCTCATGGGGCTCCTAATGCTCTGGGTCCCTGGATCCAGTGGGGCCACTGCGATGACTCAGTCTCCACTCTCCCTGCCCGTCACCCTTGGAGAGCCGGCCTCCATCTCCTGCAGGTCTAGTCAGAGCCTCCTACATAGTAATGGATACAACTATTTGGAATGGTACCTGCAGAAGCCAGGGCAGTCTCCACAGCTCCTGG

      ID> AGATTAGCTAAATCCTA
     SET> AGATTAGCTAAATCCTA
SEQCOUNT> 5
    SEQ1> GCCAGACTTCTGCGCTTCCGGCCTAGGAAGCAGAGCCCGGGGCCTCTCCACCATGGCCTGGACCCCTCTCCTCCTCCAGCTTCTCACCCTCTGCTCAGGGACTCCTGACCGGTTCTCTGGCTCAGAGTCTGGGACCACAGTTTCCCCGTGTATCTCGGGCCTCTAGGCTGAGGACGAGGCTGATTGTTACTTTTCAACCTGGGACTACGCCTCGGCGTTCATAGGGAATTTTCGGCGGCGGGACCAAGCT
    SEQ2> GCAAGTCTTCTGAGCTGCGGGCTTAGGAAGCAGAGACTGGGGCATCCCCACCATGGCCTGGACCCCTCTCCTCCTCCAGCTTCTCACCCTCTGCTCAGGGATTCCTGACCGGTTCTCTGGCTCAGAGTCTGGGACCACAGTTTCCCCGTGTATCTCGGGCCTCTAGGCTGAGGACGAGGCTGATTGTTACTTTTCAACCTGGGACTACGCCTCGGAGTTCATAGGGAATTTTCGGCGGCGGGACCAAGCC
    SEQ3> GCCATACGGCTCAGCTGCCGGCCTAGGAAGCAGAGCCTGGGGCATCCCCACCATGGCCTGGACCCCTCTCCTCCTCCAGCTTCTCACCCTCTGCTCAGGGATTCCTGACCGGTTCTCTGGCTCAGAGTCTGGGACCACAGTTTCCCCGTGTATCTCGGGCCTCTAGGCCGAGGACGAGGCTGATTGTTACTTTTCAACCTTGGACTACGCCTCGGAGCTCATAGGGAATTTTCGGCGGCGGGACCAAGCC
    SEQ4> GCAATACTGCTGAGCTGTCGGCTTAGGAAGCAGAGCCTGGGGCCTATCCACCATGGCCTGGACCCCTCTCCTCCTCCAGCTTCTCACCCTCTGCTCAGGGATTCCTGACCGGTTCTCTGGCTCAGAGTCTGGGACCACAGTTTCCCCGTGTATCCCGGCCCTCTAGGCTGAGGACGAGGCGGATTGTTACTTTTCAACCTGGGACTACGCCTCGGGGTTCATAGGGAATTTTCGGTGGCGGGACCAACCT
    SEQ5> GCCGTTCGTGTCCTCTTTCGGCCTAGGAAGCAGAGCCTGGGGCATCTCCACCATGGCCTGGACCCCTCTCCTCCTCCAGCTTCTCACCCTCTGCTCAGGGATTCCTGACCGGTTCTCTGGCTCAGAGTCTGGGACCACAGTTTCCCCGTGTATCTCGGGCCTCTAGGCGGAGGACGAGGCTGGTTGTTACTTTTCAACCTGGGCCCACGCCTAGGGGTTGATAGGGACTTTTCGGCGGCGGGGCCAAGCC

      ID> TAGACACCAATTTAAAT
     SET> TAGACACCAATTTAAAT
SEQCOUNT> 1
    SEQ1> GGAGGAACTGCTCAGTTTGGACCCAGCCGGAACCATGGAAGCCCCAGCGCAGCTTCTCTTCCTCCTGCTACTCTGGCTCCCAGAAATCACTGCAGAAATAGTGATGACGCAGTCTCCTGCCATCCTGTCTGTGTCTCCAGGGGAAAGAGCCACCCTCTCCTGCAGGGCCAGTCAGAGTGTTTACACCAACTTAGCCTGGTACCAGCAGAAACCTGGCCAGACTCCCCGGCTCCTCATCTATGATGCAACCAC

      ID> GAATGACGCAAAGTGTG
     SET> GAATGACGCAAAGTGTG
SEQCOUNT> 1
    SEQ1> GAAGGGAGCCTACTAGGGCGTAGAATAGGACGTATGTGCCTGCGTTCAGGCGTTCTGGCTGGTTGCCTCATCGGGTGATGATAGCCAAGGTGGGGATAAGTGTGGTTTCGAAGAAGATATAAAATATGATTAGTTCTGTGGCTGCACCATCTGTCAGATCGGAAGAGCGTCGTGTAGGGAAAGAGTGTAGATCTCGGTGGTCGCCGTATCATTAAAAAACAACAACGTAGCCTCCTACCAACACACACGA

      ID> TAGAGACAGGGAAGGCA
     SET> TAGAGACAGGGAAGGCA
SEQCOUNT> 2
    SEQ1> TGAGGATGGGAGTTTGAGGGAAGCCTGGCCAACCAACATGGTGAAACCTTGTCTCTACTAAAAATACAAAAATTAGCCGTGTGTGGTGGAGCACACCTGTAATCCCAGCTACTCGGGAGGCTAAGAGAGAATTGCTTGAACCTGGGAGGCAGAGGCTGTAGTAGTGAGCCTCGACAGCACCCAGATCGGAAGAGCGTCGGGGAGGGAAAGAGTGTAGATCTCGGTGGGCGCCGGAACAGTAAAAAAAAAAAA
    SEQ2> TGAAGACAGGTGCTCTAGGGAAGTCAGGCCAACCAACATGGTGAAACCTTGTCTCTACTAAAAATACAAAAATTAGCCGTGTGTGGTGGAGCACACCTGTAATCCCAGCTACTCGGGAGGCTAAGATAGAATTGCTTGAACCTGGGAGGCAGAGGCTGTAGTAGTGAGCCTCTGCAGCACCCAGATCGGAAGAGCGTCGTGTAGGGAAAGAGTGTAGATCTCGGTGGTCGCCGTATCATTAAAAAAAAAAAA

      ID> TGGCGTAATCTTCAATA
     SET> TGGCGTAATCTTCAATA
SEQCOUNT> 1
    SEQ1> GGAGGGATATGGCCGCAGTCTCATGTTGCAACATCTCCCTCCAAAATTCAGCATCTTTCTATACCATATCTCTTCTTTGGATTATTTTGCAAAACCAGACTACCAGCTTCTTACATCCGTGTTTGACAATAGCATCAAGACTTTTGGAGTAATTGAGAGTGACCCTTTTGACTGGTAGAAGACTTGAAATGATTGCTCCCTAACAACCCCCACTACTTCTACCCCCCCTCCGTTGCACAATCGCTTGACCAC

      ID> CACAAAATGACAATCTA
     SET> CACAAAATGACAATCTA
SEQCOUNT> 3
    SEQ1> GAGA--CGCATCCTCGTGCGCACACACCTGGGGACCTGGGGGCCGAGCTGTGATTTCCTAGGAAGACAAATGGCAGCTGACAGCGTGGGCAAGGCTGCCCACATGTACCTCGCCACAACAGGAAGGGCTGAGACCCCCACCTCGCTTCCACCAAGGGCCCATCGGTCTTCCCCCTGGAGATCGGAAGAGCGTCGTGTAGGGAAAGAGTGTAGAGCCCGGTGGCCGCCGGATCATTAAAAAAAACAACGGCA
    SEQ2> GGGATTCGCATCGTGGAGTGAACACCCCGGGGGACCTGGGGGCCGAGCTGTGATTTCCTAGGAAGACAAATGGCAGCTGACAGCGTGGGCAAGGCTGCCCACATGTACCTCGCCACAACAGGAAGGGCTGAGACCCCCACCTCGCTTCCACCCAGGGCCCATCGGTCTTCCCCCTGGAGATCGGAAGAGCGTCGTGTAGGGAAAGAGTGTAGATCTCGGTGGTCGCCGTATCATTAAACAAAAAAAAACAA
    SEQ3> TGCAGTCGCATGCTGGACCTCACACACCTGGGGACCTGGGGGCCGAGCTGTGATTTCCTAGGAAGACAAATGGCAGCTGACAGCGTGGGCAAGGCTGCCCACATGTACCTCGCCACAACAGGAAGGGCTGAGACCCCTACCTCGCTTCCACCAAGGGCCCATCCGTCTTCCCCCGGGAGAGCGGAAGAGCGCCCTGTAGGGAAAGGGTGTAGATCTCGGTGGTCGCCGGACCCTTAAAAAACAAACTGCGA

      ID> CGTAATCTCCAAATTCA
     SET> CGTAATCTCCAAATTCA
SEQCOUNT> 1
    SEQ1> GTGTTGGCTGTTCGGCGGAGGGACCAAGCTGCCCCTCCTAGGTCAGCCCAAGTCTTCCCCCGCGGTCTCTCTTTTCCCACCCTATATCGGGCGAGCTTCGTGTTGAGTCAGCGTGCCTCACTCGCCGTTCGCCGAGGCCTGACAGCAAGCATCACCTGCTCTGGAGATAAATTGGGGGATAAATATGCTTGCTGGTATCAGCAGAAGCCAGGCCAGTCCCCTGTCCTGGTCATCTAGCAAGATAGCAAGAG

      ID> TCTTGTCATACATATAA
     SET> TCTTGTCATACATATAA
SEQCOUNT> 1
    SEQ1> GGAAGGCGCTTTGTGAAGTAGGCCTTATTTCTCTTGTCCTTTCGTACAGGGAGGAATTTGAAGTAGATAGAAACCGACCTGGATTACTCCGGTCTGAACTCAGATCACGTAGGACTTTAATCGTTGAACAAACGAACCTTTAATAGCGGCTGCACCATCTGTCAGATCGGAAGAGCGTCGTGTAGGGAAAGAGTGTAGATCTCGGTGGTCGCCGTCTCATTAAAAAAAAAAAGAAAAGCATTCAGCGACAC

      ID> ATAAGTATTGTATCCTC
     SET> ATAAGTATTGTATCCTC
SEQCOUNT> 1
    SEQ1> CATTTTCTCGCTGTAAGACTGACATACATCCTGCTTCAAACTGGCTTGAGGTTGCAGGGATGAAGTATCACTGACTTCTTCTATTTTCAATACTTTTGCTCTTGGAGTATCACTTGTGGGTAAAAGGTCATCTTGGCTTGAATTCTTCTTACTTGTGGTTCCTGTGGCTGCACCATCTGTCAGATCGGAAGAGCGTCGAGTAGGGAAGTAGTGTAGATCTCGGTGGTCGCCGTATCATTAACAAAAAAAAA

      ID> TCACCTAAACATACTAC
     SET> TCACCTAAACATACTAC
SEQCOUNT> 2
    SEQ1> GGAGCGCAGAGGCGGGAGGCGGCGACCAGCCGGTTGAGGCCCCAGGCTTGGCCTCACCACAATGTGGCACGAGGCACGGAAGCATGAGCGGAAGCTTCGAGGCCTGATGGTCGACTACAAGAAGAGGGCGGAGCGGAGACGGGAGTATTATGAAAAGATCAAACACAAAAAATTGGTCGGGCATGGCCGCGGGCGCCCCCAGTCCCAGCTACCCGGGAAGCTGAGGGAGGGGAATGGCGGGAACCCGCGGAG
    SEQ2> GGAGCGCAGCGGTGGGAGGCGGCGACCAGCCGGTTGAGGCCCCAGGCTTGGCCTCACCACAATGTGGCACGAGGCTCGGAAGCATGAGCGGACGCTTCGCGGCCTGATGGTCGACTACAAGAAGAGTGCGGAGCGGAGACGGGGGTATTAGGAAAAGATCAAACACAAACAATTGGTCGGGCATGGGGGTGGGCTGCTTGAGTCGCAGCTACTCAGAAACCTGGGGGCGGCCAGATGCGAGAAACTGGGGAG

      ID> CAAGGTTTATTTACAAT
     SET> CAAGGTTTATTTACAAT
SEQCOUNT> 1
    SEQ1> GGGTCAGGACTCCTCAGTTCACCTTCTCGCAATGAGGCTCCCTGCTCAGCTCCGGGGGCTGCTCATGCTCTGGGTCACAGGATGCGGGGGGGATGTTGTGATGACTCAGTCTCCACTCGCCCTCCCCGTAACCCTTGGACAGCCGGCCTCCATCTCCTGCAGGTCTCGTCAAAGCCTCGTATCCAGTGATGGAAACACCTACTTGAATTGGTTTCAGCAGAGGCCAGGCCAATCTCCAAGGCGCCTAATTTT

      ID> TCAAGAAGGATAAATCA
     SET> TCAAGAAGGATAAATCA
SEQCOUNT> 1
    SEQ1> TGCAGACATGAGCTTTAGGGAAGCCTGGCCAACCAACATGGTGAAACCTTGTCTCTACTAAAAATACAAAAATTAGCCGTGTGTGGTGGAGCACACCTGTAATCCCAGCTACTCGGGAGGCTAAGATAGAATTGCTTGAACCTGGGAGGCAGAGGCTGTAGTAGTGAGCCTCGACAGCACCCAGATCGGAAGAGCGTCGTGTAGGGAAAGAGTGTAGATCTCGGTGGTCGCGGTATCATTAAAACAAAAAAA

      ID> GACACAATAACTTTACA
     SET> GACACAATAACTTTACA
SEQCOUNT> 1
    SEQ1> AAGAGAAGCCTGGCCAACATGGCAAAACCCTGTTTCTACTAAAAATACAAAAGTTAGCTGGGTGTGGCTGCACCATCTGTCAGATCGGAAGAGCGTCGTGTAGGGAAAGAGTGTAGATCTCGGTGGTCGCCGTATCATTAAAAAAAAAAAAGGCAAAGAGTGTCGATGTCTGTGGTCGCCCTATAACTAAAAAAAAAACTTCACCTACTACCGACAGATCCACATACACCCACCCAAGCCACTCCTCTCCC

      ID> GACCCATAGTCTCCATA
     SET> GACCCATAGTCTCCATA
SEQCOUNT> 1
    SEQ1> GGGGAGAGCGGCGGGGTAGCGTCGCGGGCGTGGGTCTGCCGCCGGGTGGCTGTGCGACTATTATCCGGGAGCCGTCGGTGTCACCGCCGGAACCTGGCGCGGGTTGATTATAGAAAATGCCAAGTCAGAAATTTGCCGATGGTGAAGTGGTAAGAGGTCGATGGCCTGGGAGTTCACTTTATTATGAAGTAGAAATTCTGAGCCTCGACCGCACCCAGATCGGAAGAGCGTCGTGGAGGGCAATGGGGTAG

      ID> CACAGTTTTGTTGGTAA
     SET> CACAGTTTTGTTGGTAA
SEQCOUNT> 1
    SEQ1> GGCGTGTCATCAACTGATGAGCAAGGAGGAGATAATTTCTACGCCCTCTCAACCGATGGACCGCAGTGATATGTTGTTAGCGGTAACGGAGCTTGGTAGGGTTCTTAGGAAGAGTGGTAGAACTATGTGGAAGTGATGAATGTTGGCGTCTGAGTTTATAGATCAGAGCGAGGATTCTATGATGGACCTTGTAACGAACAATGCTACAGGGATGAATATTATGGAGAAGTAGTCTAGTTTGAAGCTTAGGG

      ID> ATAAAATCAGAACATAA
     SET> ATAAAATCAGAACATAA
SEQCOUNT> 1
    SEQ1> AATCAGACCCACTCAGGACACAGCATGGACATGAGAGTCCTCGCTCAGCTCCTGGGGCTCCTGCTGCTCTGTGTCCCAGCCGCCAGATGTGACATCCAGGTGACCCAGTCTCCATTCTCACTGTCTGCATCTGTAGGAGACAGAATCACCATCACTTGCAGGGCGAGTCAGGGCATCTGGGACAGATTCCATTGACATCACCAGCAGCCCGCAGCCTGAGGATTGCGCAACTACTCACCACCAACAATATA

      ID> GGGAAACGATAACTAGA
     SET> GGGAAACGATAACTAGA
SEQCOUNT> 1
    SEQ1> GTTGATGGGCTGTTGCCCGTGATGCTGCCAGGCACGCCGGTGTACACGGCTGTGTGCACGTGCCCCTGGTCCTGTGGCTGCACCAACTGTCAGATCGGAAGAGCGTCGTGTAGGGGAAGAGTGTAGATCTCGGTGGTAGGATGATCATTAGAAAAAAAACGGCGGAGGGACCAAGGTGGAGATCAAACGAACTGTGGCTGCACAATCTGACAGATCGGAAGAGAGTCGGGTGGGGCAAGAGGGTAGATA

      ID> AAAGGTTACATATTTTT
     SET> AAAGGTTACATATTTTT
SEQCOUNT> 1
    SEQ1> AGTCAGACCCAGTCAGGACACAGCATGGACATGAGGGTCCCCGCTCAGCTCCTGGGGCTCCTGCTGCTCTGGCTCCCAGGTGCCAAATGTGACATCCAGATGACCCAGTCTCCTTCCACCCTGTCTGCGTCTGTAGGAGACAGAGTTGCCATCACTGGCCGGGCCAGTCAGAGTATTAGTAGTTGGTTGGCCTGGTATCAGCAGAAACCAGGGAACGACCCTCAGCTCCGGATCTAAAAGGCGTCCAGTTT

      ID> ACGGGAAAGACAAATAT
     SET> ACGGGAAAGACAAATAT
SEQCOUNT> 9
    SEQ1> GATGATGATATCGCCGCGCTCGTCGTCGACAACGGCTCCGGCATGTGCAAGGACGGCTTCGCGGGCGACGATGCCCCCCGGGCCGTCTTCCCCCTGGAGATCGGAAGAGCGTCGTGTAGGGAAAGAGTGTAGATCTCGGAGGTCGCCGTATCATTTAAAAGAACAGATAGCATTTAATGCAGAC---CCTAAGTTTTTGGC----CTGTTCAGTTAGCTTT--GC----------------ATCTTCTTCGTGTCCGACTACCCTCACGACCACC-----
    SEQ2> GATGATGATATCGCCGCGCTCGTCGTCGACAACGGCTCCGGCATGTGCAAGGCCGGCTTCGCGGGCGACGATGCCCCCCGGGCCGTCTTCCCCCTGGAGATCGGAAGAGCGTCGTGTAGGGAAAGAGTGTAGATCTCGGTGGTCGCCGTATCATTAAAAAAAAA----AACA--CAACCAACA-----CGAGGACTAAGA-----CAGCAAGGATAAGACGTCAC----ATAGAGCAAG--CACGTCCCAACA-CTGGCA-TCCTGAGCCGTCA------
    SEQ3> GATGATGATATCGCCGCGCTCGTCGTCGACAACGGCTCCGGCATGTGCAAGGCCGGCTTCGCGGGCGACGATGCCCCCCGGGCCGTCTTCCCCCTGGAGATCGGAAGAGCGTCGTGTAGGGAAAGAGTGTAGATCTCGGTGGTCGCCGCATCATTAAAACAAAAAA-CAAAAGACAAT-GACAGTATACCTCTAC-ATGC-----ATTCCCGCCCAGCACACCCC----------------CACCCCCCCTTGTCCGGCGCTCCTACATCCCCC------
    SEQ4> GATGATGATATCGCCGCGCTCGTCGTCGACAACGGCTCCGGCATGTGCAAGGCCGGCTTCGCGGGCGACGATGCCCCCCGGGCCGTCTTCCCCCTGGAGATCGGAAGAGCGTCGTGTAGGGAAAGAGTGTAGATCTCGGTGGTCGCCGTATCATTAAAAAAAAAAT--AACAAGCAACC---------CAACTAC--ATA-----TTACAGCCTTAAGACACACC--------GACCAA--CAATACCTACCA-CTCACGATC-AGAATCACGATCATAC
    SEQ5> GATGATGATATCGCCGCGCTCGTCGTCGACAACGGCTCCGGCATGTGCAAGGCCGGCTTCGCGGGCGACGATGCCCCCCGGGCCGTCTTCCCCCTGGAGATCGGAAGAGCGTCGTGTAGGGAAAGAGTGTAGATCTCGGTGGTCGCCGTATCATTAAAAAAAAAAAACAACA-----------------------TTTGA-----GCTCAAAACTAGCACTTATCCCCGCCGGATCCAGGCCAGGCCCCGTCT-CTTGTAGGCTACGATTATAGCTACC-
    SEQ6> GATGATGATATCGCCGCGCTCGTCGTCGACAACGGCTCCGGCATGTGCAAGGCCGGCTTCGCGGGCGACGATGCCCCCCGGGCCGTCTTCCCCCTGGAGATCGGAAGAGCGTCGTGTAGGGAAAGAGTGTAGATCTCGGTGGTCGCCGTATCATTAAAAAAAAAAACAAAGAGGCAATAGACGAGCATCAGATACTAGAA-----GCACACAACCAA-ACGCGAAGCTGAGAACACCGA--CTGACCACTGTG-CGAGC---------------------
    SEQ7> GATGATGATATCGCCGCGCTCGTCGTCGACAACGGCTCCGGCATGTGCAAGGCCGGCTTCGCGGGCGACGATGCCCCCCGGGCCGTCTTCCCCCTGGAGATCGGAAGAGCGTCGTGTAGGGAAAGAGTGTAGATCTCGGTGGTCGCCGTATCATTAAAAAAAAAAAACAATA--CAATCAACA-----CAGGCAC--------------------AGCACGCCACCACAACAGATTCAG--CTCCCTCCAGTA-CAGGTAGTCTTTAGCCGTAAGTCTAG
    SEQ8> GATGATGATATCGCCGCGCTCGTCGTCGACAACGGCTCCGGCATGTGCAAGGCCGGCTTCGCGGGCGACGATGCCCCCCGGGCCGTCTTCCCCCTGGAGATCGGAAGAGCGTCGTGTAGGGAAAGAGTGTAGATCTCGGTGGTCGCCGTATCATTAAAAAAAAAAAATAG-------TGGAGACATGACAACGCACATGGCTACGCGGTACAG--AGCTGTCGCC----------------ACAGTTTCAGTGCTCACCTGTCGTGTTGCACACC-----
    SEQ9> GATGATGATATCGCCGCGCTCGTCGTCGACAACGGCTCCGGCATGTGCAAGGCCGGCTTCGCGGGCGACGATGCCCCCCGGGCCGTCTTCCCCCTGGAGATCGGAAGAGCGTCGTGTAGGGAAAGAGTGTAGATCTCGGTGGTCGCCGTATCATTAAAAAAAAAAAAT-ACAGCCAGGTTACT-----CGTACCTATACA-----CAGCTATATCAACGAATGAC------------AGGGCACTCCTGCACG-CTAACATTCTATAACTCCAA------

      ID> CACAAAATGACAATCTT
     SET> CACAAAATGACAATCTT
SEQCOUNT> 1
    SEQ1> GGCATTCGCATCCTGTTCTTCACACACCTGGGGACCTTGGGGCCGAGCTGTGATTTCCTAGGAAGACAAATGGCAGCTGACAGCGTGGGCAAGGCTGCCCACATGTACCTCGCCACAACAGGAAGGGCTGAGACCCCCACCTCGCTTCCACCAAGGGCCCATCCGTCTTCCCCCTGGAGATCGGAAGAGCGTCGTGTAGGGAAAGAGTGTAGATCTCGGTGGTCGCCGTATCATTAAAAAAAAAAATAGAC

      ID> AAAGGAATCTGTAAACT
     SET> AAAGGAATCTGTAAACT
SEQCOUNT> 1
    SEQ1> AGCCTAGAGCCTGAAGATTCTGCAGTTTATTATTGTCAGCAGCGTGGCAACTGGCCTCTCTCCACTTTCGGCCCTGGGACCAAAGTGGATATCAAACGAACTGTGGCTGCACCATCTGTCAGATCGGAAGAGCGTCGTGTAGGGTAAGAGTGTAGATCTCGGTGGTCGCCGTAACATCAAACAAAAAACAGAAATTAACACTTTCTGATATTTCTGATGAGTCGAAAAATTATCTTGATCAAGCAGGAA

      ID> AATGTTACAAATAATTG
     SET> AATGTTACAAATAATTG
SEQCOUNT> 1
    SEQ1> AGAGCTCTGGAGAAGAGCTGCTCAGTTAGGACCCAGAGGGAACCATGGAAACCCCAGCGCAGCTTCTCTTCCTCATGCTACTCTGGCTCCCAGATATTACCGGAGAAGTTGTGTTGACGCAGTCTCCAAGCACACTTTCTTTGTATCCAGGGGAGAGAGCCACCCTCTCCTGTAGGGCCAGTCAGAATGTTAACAGCAACTATTTAGCCTGGTACCAACAGAGGCCTGGCCAGGCTCCAAGACTCCTCAT

      ID> GTCGGTTAAATTGTTAG
     SET> GTCGGTTAAATTGTTAG
SEQCOUNT> 2
    SEQ1> --CAGACCTGCGCAGTTCGGACCCAGCGGGAACCATGGAAGCCCCAGCTCAGCTTCTCTTCCTCCTGCTACTCTGGCTCCCAGATACCCCCGGACAGATTGTGTTGACACAGTCTCCAGCCACCCTGTCTTTGTCTCCAGGAGAAAGAGCCACCCTCTCCTGCAGGGCCAGTCAGAGTGTTACCGGCTCCTTAGCCTGGTACCACCAGAAGCCTGGCCAGGCCCCCAGGCTCCTCCTCTATGAATGATCCCC
    SEQ2> GGCAGAAGTGTGCAGTTAGGATCCAGAGGGAACCATGGAAGCGCCAGCTCAGCTTCTCTTCCTCCTGCTACTCTGGCTCCCAGATACCCCCGGACAGATTGTGTTGACACAGTCTCCAGCCACCCTGTCTTTGTCTCCAGGAGAAAGAGCCACCCTCTCCTGCAGGGCCAGTCAGAGTGTTACCGGCTCCTTAGCCTGGTACCAACAGAAGCCTGGCCAGGCGCCCAGGCTCCTCATCTATGATCCATCCAC

      ID> TGATCATTCATATTCAT
     SET> TGATCATTCATATTCAT
SEQCOUNT> 1
    SEQ1> AGCCACAATTAAAACTCAGTCATTTCCTGCAAAAACACACTCACACCCCCTATCTCAGGTGGTCTCTGCACCATCTGTCAGATCGGAAGAGCGTCGTGTAGGGAAAGAGTGTAGATCTCGGTGGTCGCCGTATCATTAAAAAAAAAAAAAAAGCAAAAAAGAAATGTAGACGAAGATAAGAGATAAAGTAAACGTACAATACGAATAATGTGCAAAGGGCGAAGGTAGGTAGTGAGTGCAAGTCGGACGAG

      ID> ATAATTCACTCTCTACA
     SET> ATAATTCACTCTCTACA
SEQCOUNT> 2
    SEQ1> GGAAGGCGCTTTGTGAAGTAGGCCTTATTTCTCTTGTCCTTTCGTACAGGGAGGAATTTGAAGTAGATAGAAACCGACCTGGATTACTCCGGTCTGAACTCAGATCACGTAGGACTTTAATCGTTGAACAAACGAACCTTTAATAGCGGCTGCACCATCTGTCAGATCGGAAGAGCGTCGTGTAGGGAAAGAGTTTAGATCTCGGTGGTCGCCGGATCATTAAAGAAAAAAACACA--AGTCCATGATATACC
    SEQ2> GGAAGGCGCTTTGTGAAGTAGGCCTTATTTCTCTTGTCCTTTCGTACAGGGAGGAATTTGAAGTAGATAGAAACCGACCTGGATTACTCCGGTCTGAACTCAGATCACGTAGGACTTTAATCGTTGAACAAACGAACCTTTAATAGCGGCTGCACCATCTGTCAGATCGGAAGAGCGTCGTGTAGGGAAAGAGTGTAGATCTCGGTGGTCGACGAATCATTAAAACAAACTGCCCAGCAAGGCATCAAAGA--

      ID> TACCGTTTCAGAGTTAC
     SET> TACCGTTTCAGAGTTAC
SEQCOUNT> 1
    SEQ1> GAATTCGGCCTCCTCCTGTCACCTTCTCCCAATTCGTCTCCTTGCTCCTCTTCTGTGTCTGCTGCTTCTCTGTGTCCCTGTCTCCATTGGGAGTCTTTTTATGTCGCATCCTCCTCTCTCCTCCTTCTTCTGCATGTCTCTTCCCAGCCTCGTACCCCTTGATTGCAACACCTACTTGAGTTGGCTTCGTCCGCGTCCCTGCCAGCCTCCAAGCCTCCTACTTTATCATATTTTTACCCTGTTCTCTGT

      ID> TGGACAGTGAGAGTGAG
     SET> TGGACAGTGAGAGTGAG
SEQCOUNT> 2
    SEQ1> AATGTTTAGTGAGCCTAGGGTGTTGTGAGCGTAAATTAGTGCGATGAGTAGGGGAAGGGAGCCTACTAGGGTGTAGAATAGGAAGTATGTGCCTGCGTTCAGGCGTTCTGGCTGGTTGCCTCATCGGGTGATGATAGCCAAGGTGGGGATAAGTGTGGTTTCGCAGAAGATATAAAATATGATTAGTTCTGTGGCTGCACCATCTGTCAGATCGGAAGAGCGTCGTGTAGGGAAAGAGGGTAGATCTCGGTGG
    SEQ2> AATGTTTAGTGAGCCTAGGGTGTTGCGAGTGTAAATTAGTGCGATGAGTAGGGGAAGGGAGCCTACTAGGGTGTAGAATAGGAAGTATGTGCCTGCGTTCAGGCGTTCTGGCTGGTTGCCTCATCTGGTGATGATAGCCAAGGTGGGGATACGTGTGGTTTCGAAGAAGATATAAAGTGTGATTAGTTCTGTGGCTGCACCATCTGTCAGACCGGAAGAGCGTCGTGTAGGGAAAGAGTGTAGATCTCGGTGG

      ID> GATTATGATGTTTTTAA
     SET> GATTATGATGTTTTTAA
SEQCOUNT> 1
    SEQ1> AGCAGACGTGTCCTGTACCTGTCTCTTGGTTACAGTACGACTATTCTCCGGGAGCCGTCCGTGTCACCGCCGGAACCTGGCGCAGGTTAATTATAGAAAATGCCAAGTAGGAAATTTGCCGATGGTGAAGTGGTAAGAGGTCGATGGCCTGGGAGTTCACTTTATTATGAAGTAGAAATTCTGAGCCTCGACAGCCCCCAGATCGGAAGAGCGTCGTGTAGGGAAAGAGGGTAGATCTCGGGGCTCGCCGT

      ID> AAGGATTCTAATTATCA
     SET> AAGGATTCTAATTATCA
SEQCOUNT> 1
    SEQ1> GGCAGACGCTTTGTGAAGCAGGCCTTATTTCTCTTGTCCTTTCGTACAGGGAGGAATTTGAAGTAGATAGAAACCGACCTGGATTACTCCGGTCTGAACTCAGATCACGTAGGACTTTAATCGTTGAACAAACGAACCTTTAATAGCGGCTGCACCATCTGTCAGATCGGAAGAGCGTCGTGTAGGGAAAGAGTGTAGATCACGGTGGACGCCGTATCATTAACAAAAAAACGAGTCATCCAATTTGGAAA

      ID> GTCGGTTAAATTGTTAA
     SET> GTCGGTTAAATTGTTAA
SEQCOUNT> 1
    SEQ1> GGAAGAACTGCGCAGTTAGGACCTAGAGGGAACCATGGAAGCCCCAGCTCAGCTTCTCTTCCTCCTGCTACTCTGGCTCCCAGATACCCCCGGACAGATTGTGTTGACACAGTCTCCAGCCACCCTGTCTTTGTCTCCAGGAGAAAGAGCCACCCTCTCCTGCAGGGCCAGTCAGAGTGTTACCGGCTCCTTAGCCTGGTACCAACAGAAGCCTGGCCAGGCTCCCAGGCTCCTCATCTATGATGCATCCAC

      ID> TCGGGACGAGGTAAAAT
     SET> TCGGGACGAGGTAAAAT
SEQCOUNT> 1
    SEQ1> GGAAGGCGCTTTGTGAAGTAGGCCTTATTTCTCTTGTCCTTTCGTACAGGGAGGAATTTGAAGTAGATAGAAACCGACCTGGATTACTCCGGTCTGAACTCAGATCACGTAGGACTTTAATCGTTGAACAAACGAACCTTAAATAGTGGCTGCACCATCTGTCAGATCGGAAGAGCGTCGTGTAGGGTAAGAGTGTAGATCTCGGCGGTCGCCGTACCATTAAAAAAACAAGCAATCACACGAACTGTG

      ID> GGCTATAGACTTTCTAA
     SET> GGCTATAGACTTTCTAA
SEQCOUNT> 1
    SEQ1> GGCAGTGGATCTGGGACAGATTTCACTCTCACCATCAGCAGCCTGCAGCCTGAAGATTTTGCAGCTTATTACTGTCAACAGCTTAATAGTTACCCGTTCACTTTCGGCGGAGGGACCAAGGTGGAGATCAAACGAACTGTGGCTGCACCATCTGTCAGATCGGAAGAGCGTCGTGTAGGGAAAGAGTGTAGATCTCGGTGGTCGCCGTATCATTAAAAAAAAAAGATTTAGTGATAGTGCAACATACCTATA

      ID> AAGCGAGAGGCATTCCA
     SET> AAGCGAGAGGCATTCCA
SEQCOUNT> 1
    SEQ1> AGTCAGTCCCAACCCGGACACAGCATGGACATGAGGGTCCCTGCTCCGCTCCTGGGGCTCCTGCTGCTCTGGCTCTCAGTTGCCAGATGTGACATCCAGATGACCCAGTCTCCATCCTCCCTGTCTGCATCTGTAGGAGACAGAGTCACCATCACTTGCCAGGCGAGTCATGACATTAACAACTATTTAAATTGGTATCAGCAGAAACCCGGGAAAGCCCCTAACATCCTGATCTACGATGCATCCATTT

      ID> AACAGTAGGAGAATTAT
     SET> AACAGTAGGAGAATTAT
SEQCOUNT> 3
    SEQ1> GATACGCATCGTGGAGCTCACACACCGGGGGAGCTGGGGGCCGAGCTGGGATTTCCTAGGAAGACAAATGGCAGCTGACAGCGTGGGCAAGGCTGCCCACATGTACCTCGCCACAACAGGAAGGGCTGAGACCCCCACCTCGCTTCCACCAAGGGCCCATCGGTCTTCCCCCTGGAGATCGGAAGAGCGTCGTGGAGGGAAAGAGGGTAGATCTCGGTGGTCGCCGGATCATTAAAAAAAAAAGAG-GAA
    SEQ2> GATACGTATCCTGGAGTTAACAACCCTGGGGACCTGGGGGCCGAGCTGGGATTTCCTAGGAAGACAAATGGCAGCTGACAGCGTGGGCAAGGCTGCCCACATGTACCTCGCCACAACAGGAAGGGCTGAGACCCCCACCTCGCTTCCACCAAGGGCCCATCGGTCTTCCCCCTGGAGATCGGAAGAGCGTCGTGTAGGGAAAGAGTGTAGATCCCGGTGGTCGCCGTATCATTAACAAAAAAAAAA-AAA
    SEQ3> GATATGCAGGCTGGTGCGCACAAACCTGGGGACCTGGGGGCCGAGCGGTGATTTCCTAGGAAGACAAATGGCAGCTGACAGCGTGGGCAAGGCTGCCCACATGTACCTCGCCACAACAGGAAGGGCTGAGACCCCCCACTCGCTTCCACCAAGGGCCCATCGGTCTTCCCCCTGGAGATCGGAAGA-CGTCGTGTAGGGAAAGAGTGTAGAGCTCGGGGGGCGCCGTATCATTAAAAAAAAAAAAACGAA

      ID> AACAAAACTTAATTTAA
     SET> AACAAAACTTAATTTAA
SEQCOUNT> 5
    SEQ1> GGAGAACCTGAGCAGCTAGGACCCAGAGGGAACCATGCAAACCCCAGCCCATCTTCCCTTCCTCCTGCTCCTCTGGCTCCCAGATACCACAGGTGTAATTGTGTTGACTCAGTCTCCAAGCACCCTGTCTTTGTCTCCAGGGGAAAGAGCCACCCTCTCCTGCAGGGCCAGTCAGAGTGTTAGCAGCTACTTAGCCTGGTACCAGCAGAAACCTGGCCAGGCTCCCAGGCTCCTCATCTATGGTGCATCCA
    SEQ2> GGAAGAGCTGCTCAGTTAGGACCCAGAGGGAACCATGGAACCCCCAGCGCAGCTTCTCTTCCTCCTGCTACTCTGGCTCCCACATACCACCGGAGAAATTGTGTTGACGCAGTCTCCAGGCACCCTGTCTTTGTCTCCAGGGGACAGAGCCACCCTCTCCTGCAGGGCCAGTCAGAGTGTTAGCATCTACTTAGCCTGGTACCAGCAGAAACCTGGCCAGGCTCCCAGGCTCCTCATCTATGGTGCATCCC
    SEQ3> GGAAGAGCTGCGCAGTTAGGACCCAGAGGGAACCATGGCAACCCCAGCGCAGCTTCTCTTCCTCCTGCTACTCTGGCTCCCAGATACCACCGGAGAAATTGTGTTGACGCACTCTCCAGGCACCCTGTCTGTGTCTCCAGGGGACAGAGCCACCCTCTCCTGCAGGGCCAGTCATAGTGTTAGCAGCTGCTTTGCCTGGTACCAGCAGAAACCTGCTCAGGCCCCCATGCTCCTCACCTCTGCTTCATCCA
    SEQ4> GAGAGAGCTGCCCAGTTCGGAACCAGAGAGAAACATGGAAACCCCAGCGCAGCTTCTCTTCCTCCTGCTACTCTGGTTCCCAGATACCACCGGAGACATCGTGTTGACGCAGTCTCCAGCCACCCTGTCTTTGTCTCCAGGGGACAGAGCCACCATCTCCTGCCGGGCCAGTCAGGGTGTTAGCAGCTACTTAGCCTGGTACCAGCAGAAACCTGGCCAGGCTACTAGGCTCCTCATCTATGGTGCATCCC
    SEQ5> GGAAGAGCTGCTCAGTTAGGACCCAGAGGGAACCATGGAAACTCCAGCGCAGCTTCTCTTCCTCCTGCTACTCTGGCACCCAGATACCACCGGAGAAATTGTGTTGACGCAGTCTCCAGGCACCCTGTAGTTGTCTCCAGGGGAAAGAGACACCCTCTCCTGCAGGGACAGTCAGCGTGTTAGCAGCTACTTAGCCCGGTACCAGCAGAAACCTGGCCAGGCCCCCGGGCTCCTCATCTATGGTGCATCCC

      ID> TGTCGTACCTAAACTAT
     SET> TGTCGTACCTAAACTAT
SEQCOUNT> 1
    SEQ1> TAAGATGTGTGGCGTTGCGCTGCCATCGGGCTGCTGTGCTATTATTCTCCGGGAGCCGTCCGTGTCACCGCCGGAACCTGGCGCAGGTTAATTATAGAAAATGCCAAGTAGGAAATTTGCCGATGGTGAAGTGGTAAGAGGTCGATGGCCTGGGAGTTCAATTTATTCTGAAGTAGAAATTCTGAGCCTCGACAGCACCCAGATCGGAAGAGCGTCGGGTAGGGAAGGAGTGTAGATCTCGGTGGTCGCAGC

      ID> GCAAGAATTGTACACAA
     SET> GCAAGAATTGTACACAA
SEQCOUNT> 1
    SEQ1> TAGCTCAACTGCCAAGTCAAGGTAGGAAGATCTCGCCATCACAACTCATTGGGCTTCTGCTGCTCTGGGTTCCAGCCTCCAGGCGTGAGCTTGTGCTGACTCAGTCTCCAGCCTCTCAGTCTGTGCCTCCACCGGCCCACGCCACCATCACCTGCCGGGCCAGTCCAACCATTGGTCGTAGCTTCCCCTTGTACCAGCTGAAACCAGCTCAGTCTCCAAAGCTCCTCATCAACTCTCCTTCCCCGTCCC

      ID> TCGATACGAATAGTGGG
     SET> TCGATACGAATAGTGGG
SEQCOUNT> 3
    SEQ1> AGAGAAAAATCGAGTGAGAAGGTGGTACCTGAGCCTCTGCAGCACCCAGATCGGAAGAGCGTCGTGTAGGGGAAGAGTGTAGATGTCGGTGGTCGCCGGAGCATTAAAAGAAGATCTT---------------------------TTA--------------AGAGGTGTCCAGTCTCAGGTGCAGCTGGTGGAGTCTGGGGGAG----GCGTGGTCCAGCCTGGG----AGGTCCCTGAGACTCTCCTGTGCAGCCTCTGGATTCGCCCTCAGGGATTATGGCATTCACTGGGTCCC
    SEQ2> AGAGAAAAATCGAGTGAGAAGGTGGTACCTGAGCCTCGACAGCACCCAGATCGGAAGAGCGTCGTGTAGGGAAAGAGTGTAGATCTCGGTGGTCGCCGTATCATTAAAAAAAAAA--TAACTACCTGGCTTGGGCTACTGTAGAGTCA------------ATACAAGTACCCAGAACTGCATACAGCAGGTACGATTGTGAGTAGTACTACGTCGCACGATCAGAACAGCAACCCGTCAATGGCACCATA------CACTATATT-----TCAA------------------------
    SEQ3> AGAGAAAAATCGAGTGAGAAGGTGGTACCTGAGCCTCGACAGCACCCAGATCGGAAGAGCGTCGTGTAGGGAAAGAGTGTAGATCTCGGTGGTCGCCGTATCATTAAAAAAAAAACCTGTCTGCATCGCTCGGAGACC----GAGTCACCCTCCCTTGCCGGACAAGT---CGGA---GCATTC-GCAG---CTATTTAAATTGGTA-TACACCGAA--ACCAGGGCA--AGGCCCTCAGC----TCCTG------CTCTAGACT--GCCTCAAGTTTGC------------------

         ID> TCGAGACACAGAAGTCA
        SET> TCGAGACACAGAAGTCA
   SEQCOUNT> 10
       SEQ1> TGCAGATATGAGCTCTAGGGCACCCTGGCCAACCAACATGGTGAAACCTTGTCTCTACTAAAAATACAAAAATTAGCCGTGTGTGGTGGAGCACACCTGTAATCCCAGCTACTCGGGAGGCTAAGATAGAATTGCTTGAACCTGGGAGGCAGAGGCTGTAGTAGTGAGCCTCGACAGCACCCAGATCGGAAGAGCGTCGTGTAGGGAAA-AGTGTAGATCTCGGTGGTCGCCGTATCATTAAACAAAAAAATA
       SEQ2> TGCGGACAGGAGCTTGAGGGCAGCCTGGGCAACCAACATGGTGAAACCTTGTCTCTACTAAAAATACAAAAATTAGCCGTGTGTGGTGGAGCACACCTGTAATCCCAGCTACTCGGGAGGCTAAGATAGAATTGCTTGAACCTGGGAGGCAGAGGCTGTAGTAGGGAGCCTCGACAGCACCCAGATCGGAAGAGCGGCGGGTAGGGAAAGAGTGGAGATCTGGGGGGTCGCCGTAGCAATAAAAAAAAAAA-A
       SEQ3> --CAGACAGGAGCTTGAGGCCAGCCTGGCCAACCAACATGGTGAAACCTTGTCTCTACTAAAAATACAAAAATTAGCCGTGTGTGGTGGAGCACACCTGTAATCCCAGCTACTCGGGAGGCTAAGATAGAATTGCTTGAACCTGGGAGGCAGAGGCTGTAGTAGTGAGCCTCGACAGCACCCAGATCGGAAGAGCGTCGGGTAGGGAAAGAGTGTAGATCTCGGTGGTCGCCGTATCATTAAAAAAAAAAA-A
       SEQ4> TGCAGACAGGAGCTTGTGGGCACCCTGGCCAACCAACATGGTGAAACCTTGTCTCTACTAAAAATACAAAAATTAGCCGTGTGTGGTGGAGCACACCTGTAATCCCAGCTACTCGGGAGGCTAAGATAGAATTGCTTGAACCTGGGAGGCAGAGGCTGTAGTAGTGAGCCTCTGCAGCACCCAGATCGGAAGAGCGTCGTGTAGGGAAAGAGTGTAGATCTCGGTGGTCGCCGTATCATTAAAAAAAAAAA-A
       SEQ5> TGCAGACGTGAGCTCTTCGCCACCCAGGCCAACCAACATGGTGAAACCTTGTCTCTACTAAAAATACAAAAATTAGCCGTGTGTGGTGGAGCACACCTGTAATCCCAGCTACTCGGGAGGCTAAGATAGAATTGCTTGAACCTGGGAGGCAGAGGCTGTAGTAGTGAGCCTCTGCAGCACCCAGATCGGAAGAGCGTCGTGTAGGGAAAGAGTGTAGATCTCGGTGGTCGCCGTATCATTAAAAAAAAACA-A
       SEQ6> TGCGGTCATGAGCTCTAGGGCAGCCTGGCCAACCAACATGGTGAAACCTTGTCTCTACTAAAAATACAAAAATTAGCCGTGTGTGGTGGAGCACACCTGTAATCCCAGCTACTCGGGAGGCTAAGATAGAATTGCTTGAACCTGGGAGGCAGAGGCTGTAGTAGTGAGCCTCGACAGCACCCAGATCGGAAGAGCGTCGTGGAGGGAAAGAGTGTAGATCTCGGTGGTCGCCGTATCATTAAAAAAAAAAA-A
       SEQ7> TGAGGACATGTGTTTGTGGCCAGCCTGGCCAGCCAACATGGTGAAACCTTGTCTCTACTAAAAATACAAAAATTAGCCGTGTGTGGTGGAGCACACCTGTAATCCCAGCTACTCGGGAGGCTAAGATAGAATTGCTTGAACCTGGGAGGCAGAGGCTGTAGTAGTGAGCCTCGACAGCACCCAGATCGGAAGAGCGTCGTGTAGGGAAAGAGTGTAGATCTCGGTGGTCGCCGTAGCATTAAAACAAAGAC-A
       SEQ8> TTCAGACGTGTGCTCGTCGGCAGCCTGGCCAACCAACATGGTGAAACCTTGTCTCTACTAAAAATACAAAAATTAGCCGTGTGTGGTGGAGCACACCTGTAATCCCAGCTACTCGGGAGGCTAAGATAGAATTGCTTGAACCTGGGAGGCAGAGGCTGTAGTAGTGAGCCTCGACAGCACCCAGATCGGAAGAGCGTCGTGTAGGGAAAGAGTGTAGATCTCGGTGGTCGCCGTCTCATTAAAAAACAAAA-A
       SEQ9> TGCGGACAGGTGTTTGAGGCCACCCTGGCCAACCAACATGGTGAAACCTTGTCTCTACTAAAAATACAAAAATTAGCCGTGTGTGGTGGAGCACACCTGTAATCCCAGCTACTCGGGAGGCTAAGATAGAATTGCTTGAACCTGGGAGGCAGAGGCTGTAGTAGTGAGCCTCTGCAGCACCCAGATCGGAAGAGCGTCGTGTAGGGAAAGAGTGTAGATCTCGGTGGTCGCCGAATCATTAAAAAAACAAA-A
      SEQ10> TGCGGACGGGAGCTTGTGGGAAGCCTGGCAAACCAACATGGTGAAACCTTGTCTCTACTAAAAATACAAAAATTAGCCGTGTGTGGTGGAGCACACCTGTAATCCCAGCTACTCGGGAGGCTAAGATAGAATTGCTTGAACCTGGGAGGCAGAGGCTGTAGTAGTGAGCCTCGACAGCACCCAGATCGGAAGAGCGTCGTGGAGGGAAAGAGTGTAGATCTCGGTGGCCGCCGTCTCAATAAAACACCAAA-A
  REFERENCE> TGCNGACANGAGCTTGNGGGCAGCCTGGCCAACCAACATGGTGAAACCTTGTCTCTACTAAAAATACAAAAATTAGCCGTGTGTGGTGGAGCACACCTGTAATCCCAGCTACTCGGGAGGCTAAGATAGAATTGCTTGAACCTGGGAGGCAGAGGCTGTAGTAGTGAGCCTCGACAGCACCCAGATCGGAAGAGCGTCGTGTAGGGAAAGAGTGTAGATCTCGGTGGTCGCCGTATCATTAAAAAAAAAAATA
   MISMATCH>  ************************************************************************************************************************************************************************************************************************************************************
      ERROR> 0.026929
 REPORTED_Q> 28.67
EMPIRICAL_Q> 15.70

      ID> TACTATGTCCATCCAAA
     SET> TACTATGTCCATCCAAA
SEQCOUNT> 2
    SEQ1> GGCGTGCTGTGGTATTCGGCGGAGGGACCAAGCTGACCATCCTAGGTCAGCCCAAGGCTGCCCCCTCGGTCACTCTGTTCCCGCCCTAGATCGGAAGAGCGTCGTGTAGGGAAAGAGTGTAGATCTCGGTGGTCGCCGTATCATTAAAACAAAAACACTAGCAGGGCAAGACGAAGCATGCGCAGTCATTTAAAGTGGTAAC-------AGCAGAAACCAGGTA--AAGCCGCAAAGCTCGTGATCTACGATGCAGCCAG-
    SEQ2> GGAGTGCTGTGGTATTCGGCGGAGGGACCAAGCTGACCATCCTAGGTCAGCCCAAGGCTGCCCCCTCGGTCACTCTGTTCCCACCCTAGATCGGAAGAGCGTCGGGTAGGGAAAGAGTGTAGATCTCGGTGGTCGCCGCATCATTAAA--AAAAACAATTACCTGTCTAGTCACCGCCTCCTGCATGAT---AAGTGATACCAGGTTCTAGCATGGGCCTTGCCGTACGCCACA-----CGTGCTCCACAGTTCATATGAT

      ID> ATTGCAGGCGCTTTTTG
     SET> ATTGCAGGCGCTTTTTG
SEQCOUNT> 3
    SEQ1> GGCTGTAACCTCACCCGCTTATCCTCCAGTGCTTCCATGAGACAGGACATTTGACGCCCGCGGCCAGGGGTGATGGCTGCGCAGTGGTGTTTAATGTCCAGGGCACAAGCAGTATGAAGTACCGGGTCAACAAAGATGTCTGCTTTGCTTTCCTTCAGCATGTTTAGCACTTCCTTTTTACACAATTCTGTTTTGATCTTGAGCAGGTTGACCTTGAGGCACTCCTCCACCTGACCTGTCTGCTCTTGACCCC
    SEQ2> GGCTGTAACCTCACCCTCTTATCCTCCAGTGCTTCCATGAGACAGGACATTTGACTCCCTCGGCCAGGGGTGATGGCTGCGCATTGGTGTTTAGTGTCCACGTCACACGCAGTATGAAGTACCGGGTCAACAAAGATGTCTGCTTTGCTTTCCTTCAGCATGTTTAGCACTTCCTTTTTACACATTTCTGTTTTTATCTTGATCAGGTTGACCTTCAGGCACTCCTCCACCTGACCTGTCTGCTCTTGCCCCC
    SEQ3> GTCTGTAACCTCACCCGCTTATCCTCCAGTGCTTCCATGAGACAGGACATTTGACGCCCTCGGCCAGGGGTGCTGGCTGCGCAGTGGTGTTTAATGTCCAGGGCACAAGCAGTATGAAGTACCTGGTCAACAAAGATGTCTGCTTTGCTTTCCTTCAGCATGTTTAGCACTTCCTTTTTACACAATTCTTTTTTTATCTTGAGCAGGTTGACCTTGAGTCCCTCCTCCACCTGACCTGTCTGCTCTTGACCCC

      ID> ATAACAATTTTTTAAAA
     SET> ATAACAATTTTTTAAAA
SEQCOUNT> 1
    SEQ1> GGATCAGGACTGCTCTGTTGACCTTCTCACAATGAGGCTCCCTGCTCGGCTCCTGGGGCTGCTAATGCTCTGGGTCCCAGGATCCAGTGAGGATGTTGGGGTTTATTACTGCATGCAAGGTACACACTCCTCCTTCGGCCAAGGGACACGACTGGAGATTAAACGAACTGTGGCTGCACCATCTGTCAGATCGGAAGAGCGTCGTGTAGGGAAAGAGTGTAGATCTCGGTGGTCTCCGTATCATTAACAAAA

         ID> TTATTAAATATAATTCT
        SET> TTATTAAATATAATTCT
   SEQCOUNT> 16
       SEQ1> ATCGGAAAACCAGGGAGACGAAGGAGACGCTGGGGAGGGAGAGAACTAATGTTTCTCGTGCTTTGTGATCTGTTCAGTGTCACTCTGTTCCCGCCCTAGATCGGAAGAGCGTCGTGTAGGGAAAGAGTGTAGATCTCGGTGGTCGCCGTATCATTAAAAAAAAAAAAGCACAAAAATAGAATAAGGCGAAG-------GGC-AGACAACAGACTAAGACAAGTGAGAAGAA-------------GTCAGAAACG--------------ACAGATAGAACCACGATG-----------------
       SEQ2> ATCGGAAAACCAGGGAGACGAAGGAGACGCTGGGGAGGGAGAGAACTAATGTTTCTCGTGCTTTGTGATCTGTTCAGTGTCACTCTGTTCCCGCCCTAGATCGGAAGAGCGTCGTGTAGGGAAAGAGTGTAGATCTCGGTGGTCGCCGTATCATTAAAAAAAAAAACCAG--CAAGAGT-------------------ACTAGTTATCAATAATTAGACAGATAACAGAACAAACGC-GTATCGTCTCGACGCCTC-----------------CTGCACTAGAGCGACTT-------------
       SEQ3> ATCGGAAAACCAGGGAGACGAAGGAGACGCTGGGGAGGGAGAGAACTAATGTTTCTCGTGCTTTGTGATCTGTTCAGTGTCACTCTGTTCCCACCCTAGATCGGAAGAGCGTCGTGTAGGGAAAGAGTGTAGATCTCGGTGGTCGCCGTATCATTAAAAAAAAAAAAACCAAAAACAGTTCCCACATATG--------ATT---TTACACTC---------------CAAGCAACACTATAATAGCTCCAGACAC-------------ACCCAAAACACTACAAGCGTCC-------------
       SEQ4> ATCGGAAAACCAGGGAGACGAAGGAGACGCTGGGGAGGGAGAGAACTAATGTTTCTCGTGCTTTGTGATCTGTTCAGTGTCACTCTGTTCCCACCCTAGATCGGAAGAGCGTCGTGTAGGGAAAGAGTGTAGATCTCGGTGGTCGCCGTATCATTAAAAAAAAAAA---CAAAAA--------ACGTAAG--------AGTCAATCACACTCAAGCACTCAGAGCCATAAGCAACAC------AACCGCCTGTAC-------------CTGCTAACAACAACAA-CCCCC-------------
       SEQ5> ATCGGAAAACCAGGGAGACGAAGGAGACGCTGGGGAGGGAGAGAACTAATGTTTCTCGTGCTTTGTGATCTGTTCAGTGTCACTCTGTTCCCGCCCTAGATCGGAAGAGCGTCGTGTAGGGAAAGAGTGTAGATCTCGGTGGTCGCCGTATCATTAAAAAAAAAAGATTACGTCAAGGTTGCTGGATACGC-------CTTCACTAGCTATGCTCTGCACTGCGTGACCAAGGCCAG-------------------------------TGGCAAAAAGCGTGCGGGGTT--------------
       SEQ6> ATCGGAAAATCAGGGAGACGAAGGAGACGCTGGGGAGGGAGAGAACTAATGTTTTTCGTGCTTTGTGATCTGTTCAGTGTCACTCTGTTCCCACCCTAGATCGGAAGAGCGTCGTGTAGGGAAAGAGTGTAGATCTCGGTGGTCGCCGTATCATTAAAAAAAACACTCATCATGCCATATGTCGGATACCT--------------------------------GAAATATGCGACATTTCAGTACTACCCTTCACCATCCAA------CTACCAAGCACAACACCTACC--------------
       SEQ7> ATCGGAAAACCAGGGAGACGAAGGAGACGCTGGGGAGGGAGAGAACTAATGTTTCTCGTGCTTTGTGATCTGTTCAGTGTCACTCTGTTCCCGCCCTAGATCGGAAGAGCGTCGTGTAGGGAAAGAGTGTAGATCTCGGTGGTCGCCGGATCATTAAAAAAAAAAGA-------------------------------TATCTGTCATGCTGGCGCTACACCTGTCTAGACCTATAT-----CTATCTATCACCAGTCGCATGCAGCCCTACTCGACATCACTATGT----------------
       SEQ8> ATCGGAAAACCAGGGAGACGAAGGAGACGCTGGGGAGGGAGAGAACTAATGTTTCTCGTGCTTTGTGATCTGTTCAGTGTCACTCTGTTCCCGCCCTAGATCGGAAGAGCGTCGTGTAGGGAAAGAGTGTAGATCTCGGTGGTCGCCGTATCATTAAAAAAAAA--AATTATT-------------------------ACACTCAGATTCTGGTGAGTTTAAACATAGCTCTAAACTTTTTATTCCTCTCTTCTTT------------TTTACTTATATGTCACACATTT-------------
       SEQ9> ATCGGAAAACCAGGGAGACGAAGGAGACGCTGGGGAGGGAGAGAACTAATGTTTCTCGTGCTTTGTGATCTGTTCAGTGTCACTCTGTTCCCGCCCTAGATCGGAAGAGCGTCGTGTAGGGAAAGAGTGTAGATCTCGGTGGTCGCCGTATCATTAAAAAAAAAAATG-----AGAAAGATTAAGCAGAAC-------AGTGAGACGGCTAAC-GATACAAGTGTAAAGACTGGTTG-TTATGTGTCGTATACA--------------TGAGTTAGCAA------------------------
      SEQ10> ATCGGAAAACCAGGGAGACGAAGGAGACGCTGGGGAGGGAGAGAACTAATGTTTCTCGTGCTTTGTGATCTGTTCAGTGTCACTCTGTTCCCACCCTAGATCGGAAGAGCGTCGTGTAGGGAAAGAGTGTAGATCTCGGTGGTCGCCGTATCATTAAAAAAAAAACAAATACTA------------------------ACAAAGCCTCA----------------TGGAAACCATAT-GCGACACTACATGACAGGC-----------TGGGTACGCAGAGCGAGGACGGAAGTTATGGATTG
      SEQ11> ATCGGAAAACCAGGGAGACGAAGGAGACGCTGGGGAGGGAGAGAACTAATGTTTCTCGTGCTTTGTGATCTGTTCAGTGTCACTCTGTTCCCACCCTAGATCGGAAGAGCGCCGTGTAGGGAAAGAGTGTAGATCTCGGTGGTCGCCGTATCATTACAAAAAAAACCCGTCACGGTATTAGT----------------ACCATGTTGCCATGGTATAAGACGAACACAGGCAGATCACCTAACATC----------------------CTCATCACAACGCACACCACT--------------
      SEQ12> ATCGGAAAACCAGGGAGACGAAGGAGACGCTGGGGAGGGAGAGAACTAATGTTTCTCGTGCTTTGTGATCTGTTCAGTGTCACTCTGTTCCCGCCCTAGATCGGAAGAGCGTCGTGTAGGGAAAGAGTGTAGATCTCGGTGGTCGCCGTATCATTAAAAAAAAAAAGAGAAGATGTCAGCAGACGACGTAAGCCACTAAATAGATAGCGATAAGCACCACGAATCGAGAGGGAGGAA-GCATCAATCTGGAC---------------------------------------------------
      SEQ13> ATCGGAAAACCAGGGAGACGAAGGAGACGCTGGGGAGGGAGAGAACTAATGTTTCTCGTGCTTTGTGATCTGTTCAGTGTCACTCTGTTCCCGCCCTAGATCGGAAGAGCGTCGTGTAGGGAAAGAGTGTAGATCTCGGTGGTCGCCGTATCATTAAAAAAAAAA---------------------CATACATTCCTTGCGATATGCATCTATAGCTAACTAAAAACTGACTGATTTCACTACAGTCCATGCTAAAA-----------CTTCTCTATATTTGT--------------------
      SEQ14> ATCGGAAAACCAGGGAGACGAAGGAGACGCTGGGGAGGGAGAGAACTAATGTTTCTCGTGCTTTGTGATCTGTTCAGTGTCACTCTGTTCCCACCCTAGATCGGCAGAGCGTCGTGTAGGGAAAGAGTGTAGATCTCGGTGGTCGCCGCATCATTAAAAAAAAAAGAACCCGCAGTGATGTT----------------GTCGGTCATAACTATATCTCCTGATACCAACAACACCACGACCACGAACCCCCACTA-------------CTGCTTACTACT-----------------------
      SEQ15> ATCGGAAAACCAGGGAGACGAAGGAGACGCTGGGGAGGGAGAGAACTAATGTTTCTCGTGCTTTGTGATCTGTTCAGTGTCACTCTGTTCCCGCCCTAGATCGGAAGAGCGTCGTGTAGGGAAAGAGTGTAGATCTCGGTGGTCGCCGTATCATTAAAAAAAAAACAATTAAT-------------------------ACTATTCGTTTCTGGTCCGTTCTA--TTTACTTCAAACTACACACACCAATTGACAGT------------TATAACC-CGTGTTCTGTATCCA------------
      SEQ16> ATCGGAAAACCAGGGAGACGAAGGAGACGCTGGGGAGGGAGAGAACTAATGTTTCTCGTGCTTTGTGATCTGTTCAGTGTCACTCTGTTCCCGCCCTAGATCGGAAGAGCGTCGTGTAGGGAAAGAGTGTAGATCTCGGTGGTCGCCGTATCATTAAAAAAAAAAAAGTATGAA------------------------ATTTCACATCAGCATCTTTCATCCATACACATACAATAT-ATA-TAGTAGATGTCGT-------------CATTTGACCAGAACGATCATCT-------------
  REFERENCE> ATCGGAAAACCAGGGAGACGAAGGAGACGCTGGGGAGGGAGAGAACTAATGTTTCTCGTGCTTTGTGATCTGTTCAGTGTCACTCTGTTCCCGCCCTAGATCGGAAGAGCGTCGTGTAGGGAAAGAGTGTAGATCTCGGTGGTCGCCGTATCATTAAAAAAAAAANANNNNNNANNNNNNNTNNGNNANNNNNNNCTNANTNNNNNNNNNTNNNNNNNNNNNNNNNANNANNNANANNNNNACANNNNNNNNCNNNNNNCANGCAGCCNNNNNNANNANNNCNNNNANNNAAGTTATGGATTG
   MISMATCH>  **************************************************************************************************************************************************************************************************************************************************************************************************************
      ERROR> 0.033835
 REPORTED_Q> 32.63
EMPIRICAL_Q> 14.71

